Archive member included to satisfy reference by file (symbol)

c:/program files (x86)/atollic/truestudio for stm32 9.3.0/armtools/bin/../lib/gcc/arm-atollic-eabi/6.3.1/../../../../arm-atollic-eabi/lib/armv7-m\libc_nano.a(lib_a-errno.o)
                              Core\Src\syscalls.o (__errno)
c:/program files (x86)/atollic/truestudio for stm32 9.3.0/armtools/bin/../lib/gcc/arm-atollic-eabi/6.3.1/../../../../arm-atollic-eabi/lib/armv7-m\libc_nano.a(lib_a-impure.o)
                              c:/program files (x86)/atollic/truestudio for stm32 9.3.0/armtools/bin/../lib/gcc/arm-atollic-eabi/6.3.1/../../../../arm-atollic-eabi/lib/armv7-m\libc_nano.a(lib_a-errno.o) (_impure_ptr)
c:/program files (x86)/atollic/truestudio for stm32 9.3.0/armtools/bin/../lib/gcc/arm-atollic-eabi/6.3.1/../../../../arm-atollic-eabi/lib/armv7-m\libc_nano.a(lib_a-init.o)
                              startup\startup_stm32f103xe.o (__libc_init_array)
c:/program files (x86)/atollic/truestudio for stm32 9.3.0/armtools/bin/../lib/gcc/arm-atollic-eabi/6.3.1/../../../../arm-atollic-eabi/lib/armv7-m\libc_nano.a(lib_a-memcpy-stub.o)
                              Core\Src\sh1106.o (memcpy)
c:/program files (x86)/atollic/truestudio for stm32 9.3.0/armtools/bin/../lib/gcc/arm-atollic-eabi/6.3.1/../../../../arm-atollic-eabi/lib/armv7-m\libc_nano.a(lib_a-memset.o)
                              Core\Src\main.o (memset)
c:/program files (x86)/atollic/truestudio for stm32 9.3.0/armtools/bin/../lib/gcc/arm-atollic-eabi/6.3.1/armv7-m\libgcc.a(_lshrdi3.o)
                              Drivers\STM32F1xx_HAL_Driver\Src\stm32f1xx_hal_flash.o (__aeabi_llsr)

Allocating common symbols
Common symbol       size              file

hspi2               0x58              Core\Src\main.o
cactus1             0xc               Core\Src\main.o
uwTick              0x4               Drivers\STM32F1xx_HAL_Driver\Src\stm32f1xx_hal.o
pFlash              0x20              Drivers\STM32F1xx_HAL_Driver\Src\stm32f1xx_hal_flash.o
bird1               0xc               Core\Src\main.o
htim1               0x48              Core\Src\main.o
dino1               0x14              Core\Src\main.o
htim2               0x48              Core\Src\main.o
sword1              0x18              Core\Src\main.o

Discarded input sections

 .text          0x00000000        0x0 c:/program files (x86)/atollic/truestudio for stm32 9.3.0/armtools/bin/../lib/gcc/arm-atollic-eabi/6.3.1/armv7-m/crti.o
 .data          0x00000000        0x0 c:/program files (x86)/atollic/truestudio for stm32 9.3.0/armtools/bin/../lib/gcc/arm-atollic-eabi/6.3.1/armv7-m/crti.o
 .bss           0x00000000        0x0 c:/program files (x86)/atollic/truestudio for stm32 9.3.0/armtools/bin/../lib/gcc/arm-atollic-eabi/6.3.1/armv7-m/crti.o
 .data          0x00000000        0x4 c:/program files (x86)/atollic/truestudio for stm32 9.3.0/armtools/bin/../lib/gcc/arm-atollic-eabi/6.3.1/armv7-m/crtbegin.o
 .text          0x00000000        0x0 Core\Src\main.o
 .data          0x00000000        0x0 Core\Src\main.o
 .bss           0x00000000        0x0 Core\Src\main.o
 .text.Error_Handler
                0x00000000        0x2 Core\Src\main.o
 .text          0x00000000        0x0 Core\Src\sh1106.o
 .data          0x00000000        0x0 Core\Src\sh1106.o
 .bss           0x00000000        0x0 Core\Src\sh1106.o
 .text.SH1106_SetAllPixelsOn
                0x00000000       0x30 Core\Src\sh1106.o
 .text.SH1106_SetDisplayState
                0x00000000       0x30 Core\Src\sh1106.o
 .text.SH1106_ScrollHSetup
                0x00000000       0x5c Core\Src\sh1106.o
 .text.SH1106_ScrollDSetup
                0x00000000       0x5c Core\Src\sh1106.o
 .text.SH1106_ScrollStart
                0x00000000       0x2c Core\Src\sh1106.o
 .text.SH1106_ScrollStop
                0x00000000       0x2c Core\Src\sh1106.o
 .text.LCD_Pixel
                0x00000000       0x60 Core\Src\sh1106.o
 .text.LCD_VLine
                0x00000000       0x34 Core\Src\sh1106.o
 .text.LCD_Rect
                0x00000000       0x3c Core\Src\sh1106.o
 .text.LCD_FillRect
                0x00000000       0x6c Core\Src\sh1106.o
 .text.LCD_Line
                0x00000000      0x26c Core\Src\sh1106.o
 .text.LCD_Circle
                0x00000000      0x5a4 Core\Src\sh1106.o
 .text.LCD_Ellipse
                0x00000000      0x2bc Core\Src\sh1106.o
 .text.LCD_PutStrLF
                0x00000000       0x74 Core\Src\sh1106.o
 .text.LCD_PutIntU
                0x00000000       0x4c Core\Src\sh1106.o
 .text.LCD_PutIntF
                0x00000000       0xae Core\Src\sh1106.o
 .text.LCD_PutIntLZ
                0x00000000       0x7c Core\Src\sh1106.o
 .text.LCD_PutHex
                0x00000000       0x50 Core\Src\sh1106.o
 .text.LCD_DrawBitmapFullscreen
                0x00000000       0x14 Core\Src\sh1106.o
 .text          0x00000000        0x0 Core\Src\stm32f1xx_hal_msp.o
 .data          0x00000000        0x0 Core\Src\stm32f1xx_hal_msp.o
[...]
Memory Configuration

Name             Origin             Length             Attributes
RAM              0x20000000         0x0000c000         xrw
FLASH            0x08000000         0x00040000         xr
*default*        0x00000000         0xffffffff

Linker script and memory map

LOAD c:/program files (x86)/atollic/truestudio for stm32 9.3.0/armtools/bin/../lib/gcc/arm-atollic-eabi/6.3.1/armv7-m/crti.o
LOAD c:/program files (x86)/atollic/truestudio for stm32 9.3.0/armtools/bin/../lib/gcc/arm-atollic-eabi/6.3.1/armv7-m/crtbegin.o
LOAD Core\Src\main.o
LOAD Core\Src\sh1106.o
LOAD Core\Src\stm32f1xx_hal_msp.o
LOAD Core\Src\stm32f1xx_it.o
LOAD Core\Src\syscalls.o
LOAD Core\Src\system_stm32f1xx.o
LOAD Drivers\STM32F1xx_HAL_Driver\Src\stm32f1xx_hal.o
LOAD Drivers\STM32F1xx_HAL_Driver\Src\stm32f1xx_hal_cortex.o
LOAD Drivers\STM32F1xx_HAL_Driver\Src\stm32f1xx_hal_dma.o
LOAD Drivers\STM32F1xx_HAL_Driver\Src\stm32f1xx_hal_exti.o
LOAD Drivers\STM32F1xx_HAL_Driver\Src\stm32f1xx_hal_flash.o
LOAD Drivers\STM32F1xx_HAL_Driver\Src\stm32f1xx_hal_flash_ex.o
LOAD Drivers\STM32F1xx_HAL_Driver\Src\stm32f1xx_hal_gpio.o
LOAD Drivers\STM32F1xx_HAL_Driver\Src\stm32f1xx_hal_gpio_ex.o
LOAD Drivers\STM32F1xx_HAL_Driver\Src\stm32f1xx_hal_pwr.o
LOAD Drivers\STM32F1xx_HAL_Driver\Src\stm32f1xx_hal_rcc.o
LOAD Drivers\STM32F1xx_HAL_Driver\Src\stm32f1xx_hal_rcc_ex.o
LOAD Drivers\STM32F1xx_HAL_Driver\Src\stm32f1xx_hal_spi.o
LOAD Drivers\STM32F1xx_HAL_Driver\Src\stm32f1xx_hal_tim.o
LOAD Drivers\STM32F1xx_HAL_Driver\Src\stm32f1xx_hal_tim_ex.o
LOAD startup\startup_stm32f103xe.o
                0x00000080                malloc_getpagesize_P = 0x80
START GROUP
LOAD c:/program files (x86)/atollic/truestudio for stm32 9.3.0/armtools/bin/../lib/gcc/arm-atollic-eabi/6.3.1/../../../../arm-atollic-eabi/lib/armv7-m\libc_nano.a
LOAD c:/program files (x86)/atollic/truestudio for stm32 9.3.0/armtools/bin/../lib/gcc/arm-atollic-eabi/6.3.1/../../../../arm-atollic-eabi/lib/armv7-m\libm.a
END GROUP
START GROUP
LOAD c:/program files (x86)/atollic/truestudio for stm32 9.3.0/armtools/bin/../lib/gcc/arm-atollic-eabi/6.3.1/armv7-m\libgcc.a
LOAD c:/program files (x86)/atollic/truestudio for stm32 9.3.0/armtools/bin/../lib/gcc/arm-atollic-eabi/6.3.1/../../../../arm-atollic-eabi/lib/armv7-m\libc_nano.a
END GROUP
START GROUP
LOAD c:/program files (x86)/atollic/truestudio for stm32 9.3.0/armtools/bin/../lib/gcc/arm-atollic-eabi/6.3.1/armv7-m\libgcc.a
LOAD c:/program files (x86)/atollic/truestudio for stm32 9.3.0/armtools/bin/../lib/gcc/arm-atollic-eabi/6.3.1/../../../../arm-atollic-eabi/lib/armv7-m\libc_nano.a
LOAD c:/program files (x86)/atollic/truestudio for stm32 9.3.0/armtools/bin/../lib/gcc/arm-atollic-eabi/6.3.1/../../../../arm-atollic-eabi/lib/armv7-m\libnosys.a
END GROUP
START GROUP
LOAD c:/program files (x86)/atollic/truestudio for stm32 9.3.0/armtools/bin/../lib/gcc/arm-atollic-eabi/6.3.1/armv7-m\libgcc.a
LOAD c:/program files (x86)/atollic/truestudio for stm32 9.3.0/armtools/bin/../lib/gcc/arm-atollic-eabi/6.3.1/../../../../arm-atollic-eabi/lib/armv7-m\libc_nano.a
LOAD c:/program files (x86)/atollic/truestudio for stm32 9.3.0/armtools/bin/../lib/gcc/arm-atollic-eabi/6.3.1/../../../../arm-atollic-eabi/lib/armv7-m\libnosys.a
END GROUP
LOAD c:/program files (x86)/atollic/truestudio for stm32 9.3.0/armtools/bin/../lib/gcc/arm-atollic-eabi/6.3.1/armv7-m/crtend.o
LOAD c:/program files (x86)/atollic/truestudio for stm32 9.3.0/armtools/bin/../lib/gcc/arm-atollic-eabi/6.3.1/armv7-m/crtn.o
                0x2000c000                _estack = 0x2000c000
                0x00000200                _Min_Heap_Size = 0x200
                0x00000400                _Min_Stack_Size = 0x400

.isr_vector     0x08000000      0x1e4
                0x08000000                . = ALIGN (0x4)
 *(.isr_vector)
 .isr_vector    0x08000000      0x1e4 startup\startup_stm32f103xe.o
                0x08000000                g_pfnVectors
                0x080001e4                . = ALIGN (0x4)

.text           0x080001e4     0x22c0
                0x080001e4                . = ALIGN (0x4)
 *(.text)
 .text          0x080001e4       0x40 c:/program files (x86)/atollic/truestudio for stm32 9.3.0/armtools/bin/../lib/gcc/arm-atollic-eabi/6.3.1/armv7-m/crtbegin.o
 *(.text*)
 .text.HAL_TIM_PeriodElapsedCallback
                0x08000224       0x4c Core\Src\main.o
                0x08000224                HAL_TIM_PeriodElapsedCallback
 .text.dino_work
                0x08000270       0x8c Core\Src\main.o
                0x08000270                dino_work
 .text.sword_work
                0x080002fc       0xd0 Core\Src\main.o
                0x080002fc                sword_work
 .text.cactus_work
                0x080003cc       0x50 Core\Src\main.o
                0x080003cc                cactus_work
 .text.bird_work
                0x0800041c       0x4c Core\Src\main.o
                0x0800041c                bird_work
 .text.bird_wing_work
                0x08000468       0x28 Core\Src\main.o
                0x08000468                bird_wing_work
 .text.display  0x08000490      0x1f8 Core\Src\main.o
                0x08000490                display
 .text.dino_dead
                0x08000688       0xa4 Core\Src\main.o
                0x08000688                dino_dead
 .text.SystemClock_Config
                0x0800072c       0x44 Core\Src\main.o
                0x0800072c                SystemClock_Config
 .text.startup.main
                0x08000770      0x2cc Core\Src\main.o
                0x08000770                main
 .text.LCD_HLineInt
                0x08000a3c       0x64 Core\Src\sh1106.o
 .text.LCD_VLineInt
                0x08000aa0      0x128 Core\Src\sh1106.o
 .text.SH1106_cmd_double
                0x08000bc8       0x30 Core\Src\sh1106.o
 .text.SH1106_cmd
                0x08000bf8       0x2c Core\Src\sh1106.o
 .text.SH1106_Init
                0x08000c24       0xa4 Core\Src\sh1106.o
                0x08000c24                SH1106_Init
 .text.SH1106_Contrast
                0x08000cc8       0x30 Core\Src\sh1106.o
                0x08000cc8                SH1106_Contrast
 .text.SH1106_SetInvert
                0x08000cf8       0x30 Core\Src\sh1106.o
                0x08000cf8                SH1106_SetInvert
 .text.SH1106_SetXDir
                0x08000d28       0x30 Core\Src\sh1106.o
                0x08000d28                SH1106_SetXDir
 .text.SH1106_SetYDir
                0x08000d58       0x30 Core\Src\sh1106.o
                0x08000d58                SH1106_SetYDir
 .text.SH1106_Orientation
                0x08000d88       0x60 Core\Src\sh1106.o
                0x08000d88                SH1106_Orientation
 .text.SH1106_Flush
                0x08000de8       0x8c Core\Src\sh1106.o
                0x08000de8                SH1106_Flush
 .text.SH1106_Fill
                0x08000e74       0x1c Core\Src\sh1106.o
                0x08000e74                SH1106_Fill
 .text.LCD_HLine
                0x08000e90       0x44 Core\Src\sh1106.o
                0x08000e90                LCD_HLine
 .text.LCD_PutChar
                0x08000ed4      0x310 Core\Src\sh1106.o
                0x08000ed4                LCD_PutChar
 .text.LCD_PutStr
                0x080011e4       0x40 Core\Src\sh1106.o
                0x080011e4                LCD_PutStr
 .text.LCD_PutInt
                0x08001224       0x64 Core\Src\sh1106.o
                0x08001224                LCD_PutInt
 .text.LCD_DrawBitmap
                0x08001288       0xd0 Core\Src\sh1106.o
                0x08001288                LCD_DrawBitmap
 .text.HAL_MspInit
                0x08001358       0x44 Core\Src\stm32f1xx_hal_msp.o
                0x08001358                HAL_MspInit
 .text.HAL_SPI_MspInit
                0x0800139c       0x64 Core\Src\stm32f1xx_hal_msp.o
                0x0800139c                HAL_SPI_MspInit
 .text.HAL_TIM_Base_MspInit
                0x08001400       0x5c Core\Src\stm32f1xx_hal_msp.o
                0x08001400                HAL_TIM_Base_MspInit
 .text.NMI_Handler
                0x0800145c        0x2 Core\Src\stm32f1xx_it.o
                0x0800145c                NMI_Handler
 .text.HardFault_Handler
                0x0800145e        0x2 Core\Src\stm32f1xx_it.o
                0x0800145e                HardFault_Handler
 .text.MemManage_Handler
                0x08001460        0x2 Core\Src\stm32f1xx_it.o
                0x08001460                MemManage_Handler
 .text.BusFault_Handler
                0x08001462        0x2 Core\Src\stm32f1xx_it.o
                0x08001462                BusFault_Handler
 .text.UsageFault_Handler
                0x08001464        0x2 Core\Src\stm32f1xx_it.o
                0x08001464                UsageFault_Handler
 .text.SVC_Handler
                0x08001466        0x2 Core\Src\stm32f1xx_it.o
                0x08001466                SVC_Handler
 .text.DebugMon_Handler
                0x08001468        0x2 Core\Src\stm32f1xx_it.o
                0x08001468                DebugMon_Handler
 .text.PendSV_Handler
                0x0800146a        0x2 Core\Src\stm32f1xx_it.o
                0x0800146a                PendSV_Handler
 .text.SysTick_Handler
                0x0800146c        0x4 Core\Src\stm32f1xx_it.o
                0x0800146c                SysTick_Handler
 .text.TIM1_UP_IRQHandler
                0x08001470        0xc Core\Src\stm32f1xx_it.o
                0x08001470                TIM1_UP_IRQHandler
 .text.SystemInit
                0x0800147c        0x2 Core\Src\system_stm32f1xx.o
                0x0800147c                SystemInit
 *fill*         0x0800147e        0x2 
 .text.HAL_InitTick
                0x08001480       0x48 Drivers\STM32F1xx_HAL_Driver\Src\stm32f1xx_hal.o
                0x08001480                HAL_InitTick
 .text.HAL_Init
                0x080014c8       0x24 Drivers\STM32F1xx_HAL_Driver\Src\stm32f1xx_hal.o
                0x080014c8                HAL_Init
 .text.HAL_IncTick
                0x080014ec       0x18 Drivers\STM32F1xx_HAL_Driver\Src\stm32f1xx_hal.o
                0x080014ec                HAL_IncTick
 .text.HAL_GetTick
                0x08001504        0xc Drivers\STM32F1xx_HAL_Driver\Src\stm32f1xx_hal.o
                0x08001504                HAL_GetTick
 .text.HAL_NVIC_SetPriorityGrouping
                0x08001510       0x24 Drivers\STM32F1xx_HAL_Driver\Src\stm32f1xx_hal_cortex.o
                0x08001510                HAL_NVIC_SetPriorityGrouping
 .text.HAL_NVIC_SetPriority
                0x08001534       0x68 Drivers\STM32F1xx_HAL_Driver\Src\stm32f1xx_hal_cortex.o
                0x08001534                HAL_NVIC_SetPriority
 .text.HAL_NVIC_EnableIRQ
                0x0800159c       0x1c Drivers\STM32F1xx_HAL_Driver\Src\stm32f1xx_hal_cortex.o
                0x0800159c                HAL_NVIC_EnableIRQ
 .text.HAL_SYSTICK_Config
                0x080015b8       0x2c Drivers\STM32F1xx_HAL_Driver\Src\stm32f1xx_hal_cortex.o
                0x080015b8                HAL_SYSTICK_Config
 .text.HAL_GPIO_Init
                0x080015e4      0x1d8 Drivers\STM32F1xx_HAL_Driver\Src\stm32f1xx_hal_gpio.o
                0x080015e4                HAL_GPIO_Init
 .text.HAL_GPIO_ReadPin
                0x080017bc        0xc Drivers\STM32F1xx_HAL_Driver\Src\stm32f1xx_hal_gpio.o
                0x080017bc                HAL_GPIO_ReadPin
 .text.HAL_GPIO_WritePin
                0x080017c8        0xa Drivers\STM32F1xx_HAL_Driver\Src\stm32f1xx_hal_gpio.o
                0x080017c8                HAL_GPIO_WritePin
 *fill*         0x080017d2        0x2 
 .text.HAL_RCC_OscConfig
                0x080017d4      0x33c Drivers\STM32F1xx_HAL_Driver\Src\stm32f1xx_hal_rcc.o
                0x080017d4                HAL_RCC_OscConfig
 .text.HAL_RCC_GetSysClockFreq
                0x08001b10       0x78 Drivers\STM32F1xx_HAL_Driver\Src\stm32f1xx_hal_rcc.o
                0x08001b10                HAL_RCC_GetSysClockFreq
 .text.HAL_RCC_ClockConfig
                0x08001b88      0x13c Drivers\STM32F1xx_HAL_Driver\Src\stm32f1xx_hal_rcc.o
                0x08001b88                HAL_RCC_ClockConfig
 .text.SPI_WaitFlagStateUntilTimeout.constprop.8
                0x08001cc4       0xac Drivers\STM32F1xx_HAL_Driver\Src\stm32f1xx_hal_spi.o
 .text.SPI_EndRxTxTransaction
                0x08001d70       0x1c Drivers\STM32F1xx_HAL_Driver\Src\stm32f1xx_hal_spi.o
 .text.HAL_SPI_Init
                0x08001d8c       0xb0 Drivers\STM32F1xx_HAL_Driver\Src\stm32f1xx_hal_spi.o
                0x08001d8c                HAL_SPI_Init
 .text.HAL_SPI_Transmit
                0x08001e3c      0x156 Drivers\STM32F1xx_HAL_Driver\Src\stm32f1xx_hal_spi.o
                0x08001e3c                HAL_SPI_Transmit
 *fill*         0x08001f92        0x2 
 .text.HAL_TIM_Base_Start_IT
                0x08001f94       0x64 Drivers\STM32F1xx_HAL_Driver\Src\stm32f1xx_hal_tim.o
                0x08001f94                HAL_TIM_Base_Start_IT
 .text.HAL_TIM_OC_DelayElapsedCallback
                0x08001ff8        0x2 Drivers\STM32F1xx_HAL_Driver\Src\stm32f1xx_hal_tim.o
                0x08001ff8                HAL_TIM_OC_DelayElapsedCallback
 .text.HAL_TIM_IC_CaptureCallback
                0x08001ffa        0x2 Drivers\STM32F1xx_HAL_Driver\Src\stm32f1xx_hal_tim.o
                0x08001ffa                HAL_TIM_IC_CaptureCallback
 .text.HAL_TIM_PWM_PulseFinishedCallback
                0x08001ffc        0x2 Drivers\STM32F1xx_HAL_Driver\Src\stm32f1xx_hal_tim.o
                0x08001ffc                HAL_TIM_PWM_PulseFinishedCallback
 .text.HAL_TIM_TriggerCallback
                0x08001ffe        0x2 Drivers\STM32F1xx_HAL_Driver\Src\stm32f1xx_hal_tim.o
                0x08001ffe                HAL_TIM_TriggerCallback
 .text.HAL_TIM_IRQHandler
                0x08002000      0x144 Drivers\STM32F1xx_HAL_Driver\Src\stm32f1xx_hal_tim.o
                0x08002000                HAL_TIM_IRQHandler
 .text.TIM_Base_SetConfig
                0x08002144       0x98 Drivers\STM32F1xx_HAL_Driver\Src\stm32f1xx_hal_tim.o
                0x08002144                TIM_Base_SetConfig
 .text.HAL_TIM_Base_Init
                0x080021dc       0x58 Drivers\STM32F1xx_HAL_Driver\Src\stm32f1xx_hal_tim.o
                0x080021dc                HAL_TIM_Base_Init
 .text.TIM_ETR_SetConfig
                0x08002234       0x14 Drivers\STM32F1xx_HAL_Driver\Src\stm32f1xx_hal_tim.o
                0x08002234                TIM_ETR_SetConfig
 .text.HAL_TIM_ConfigClockSource
                0x08002248      0x128 Drivers\STM32F1xx_HAL_Driver\Src\stm32f1xx_hal_tim.o
                0x08002248                HAL_TIM_ConfigClockSource
 .text.HAL_TIMEx_MasterConfigSynchronization
                0x08002370       0x74 Drivers\STM32F1xx_HAL_Driver\Src\stm32f1xx_hal_tim_ex.o
                0x08002370                HAL_TIMEx_MasterConfigSynchronization
 .text.HAL_TIMEx_CommutCallback
                0x080023e4        0x2 Drivers\STM32F1xx_HAL_Driver\Src\stm32f1xx_hal_tim_ex.o
                0x080023e4                HAL_TIMEx_CommutCallback
 .text.HAL_TIMEx_BreakCallback
                0x080023e6        0x2 Drivers\STM32F1xx_HAL_Driver\Src\stm32f1xx_hal_tim_ex.o
                0x080023e6                HAL_TIMEx_BreakCallback
 .text.Reset_Handler
                0x080023e8       0x48 startup\startup_stm32f103xe.o
                0x080023e8                Reset_Handler
 .text.Default_Handler
                0x08002430        0x2 startup\startup_stm32f103xe.o
                0x08002430                RTC_Alarm_IRQHandler
                0x08002430                EXTI2_IRQHandler
                0x08002430                TIM8_TRG_COM_IRQHandler
                0x08002430                TIM8_CC_IRQHandler
                0x08002430                TIM1_CC_IRQHandler
                0x08002430                TIM6_IRQHandler
                0x08002430                PVD_IRQHandler
                0x08002430                SDIO_IRQHandler
                0x08002430                EXTI3_IRQHandler
                0x08002430                EXTI0_IRQHandler
                0x08002430                I2C2_EV_IRQHandler
                0x08002430                ADC1_2_IRQHandler
                0x08002430                SPI1_IRQHandler
                0x08002430                TAMPER_IRQHandler
                0x08002430                TIM8_UP_IRQHandler
                0x08002430                DMA2_Channel2_IRQHandler
                0x08002430                DMA1_Channel4_IRQHandler
                0x08002430                USART3_IRQHandler
                0x08002430                RTC_IRQHandler
                0x08002430                DMA1_Channel7_IRQHandler
                0x08002430                CAN1_RX1_IRQHandler
                0x08002430                UART5_IRQHandler
                0x08002430                ADC3_IRQHandler
                0x08002430                TIM4_IRQHandler
                0x08002430                DMA2_Channel1_IRQHandler
                0x08002430                I2C1_EV_IRQHandler
                0x08002430                DMA1_Channel6_IRQHandler
                0x08002430                UART4_IRQHandler
                0x08002430                TIM3_IRQHandler
                0x08002430                RCC_IRQHandler
                0x08002430                TIM1_TRG_COM_IRQHandler
                0x08002430                DMA1_Channel1_IRQHandler
                0x08002430                Default_Handler
                0x08002430                EXTI15_10_IRQHandler
                0x08002430                TIM7_IRQHandler
                0x08002430                TIM5_IRQHandler
                0x08002430                EXTI9_5_IRQHandler
                0x08002430                SPI2_IRQHandler
                0x08002430                DMA1_Channel5_IRQHandler
                0x08002430                EXTI4_IRQHandler
                0x08002430                USB_LP_CAN1_RX0_IRQHandler
                0x08002430                USB_HP_CAN1_TX_IRQHandler
                0x08002430                DMA1_Channel3_IRQHandler
                0x08002430                FSMC_IRQHandler
                0x08002430                WWDG_IRQHandler
                0x08002430                TIM2_IRQHandler
                0x08002430                TIM1_BRK_IRQHandler
                0x08002430                EXTI1_IRQHandler
                0x08002430                DMA2_Channel4_5_IRQHandler
                0x08002430                USART2_IRQHandler
                0x08002430                I2C2_ER_IRQHandler
                0x08002430                DMA1_Channel2_IRQHandler
                0x08002430                TIM8_BRK_IRQHandler
                0x08002430                CAN1_SCE_IRQHandler
                0x08002430                FLASH_IRQHandler
                0x08002430                USART1_IRQHandler
                0x08002430                SPI3_IRQHandler
                0x08002430                I2C1_ER_IRQHandler
                0x08002430                USBWakeUp_IRQHandler
                0x08002430                DMA2_Channel3_IRQHandler
 *fill*         0x08002432        0x2 
 .text.__libc_init_array
                0x08002434       0x48 c:/program files (x86)/atollic/truestudio for stm32 9.3.0/armtools/bin/../lib/gcc/arm-atollic-eabi/6.3.1/../../../../arm-atollic-eabi/lib/armv7-m\libc_nano.a(lib_a-init.o)
                0x08002434                __libc_init_array
 .text.memset   0x0800247c       0x10 c:/program files (x86)/atollic/truestudio for stm32 9.3.0/armtools/bin/../lib/gcc/arm-atollic-eabi/6.3.1/../../../../arm-atollic-eabi/lib/armv7-m\libc_nano.a(lib_a-memset.o)
                0x0800247c                memset
 *(.glue_7)
 .glue_7        0x0800248c        0x0 linker stubs
 *(.glue_7t)
 .glue_7t       0x0800248c        0x0 linker stubs
 *(.eh_frame)
 .eh_frame      0x0800248c        0x0 c:/program files (x86)/atollic/truestudio for stm32 9.3.0/armtools/bin/../lib/gcc/arm-atollic-eabi/6.3.1/armv7-m/crtbegin.o
 *(.init)
 .init          0x0800248c        0x4 c:/program files (x86)/atollic/truestudio for stm32 9.3.0/armtools/bin/../lib/gcc/arm-atollic-eabi/6.3.1/armv7-m/crti.o
                0x0800248c                _init
 .init          0x08002490        0x8 c:/program files (x86)/atollic/truestudio for stm32 9.3.0/armtools/bin/../lib/gcc/arm-atollic-eabi/6.3.1/armv7-m/crtn.o
 *(.fini)
 .fini          0x08002498        0x4 c:/program files (x86)/atollic/truestudio for stm32 9.3.0/armtools/bin/../lib/gcc/arm-atollic-eabi/6.3.1/armv7-m/crti.o
                0x08002498                _fini
 .fini          0x0800249c        0x8 c:/program files (x86)/atollic/truestudio for stm32 9.3.0/armtools/bin/../lib/gcc/arm-atollic-eabi/6.3.1/armv7-m/crtn.o
                0x080024a4                . = ALIGN (0x4)
                0x080024a4                _etext = .

.vfp11_veneer   0x080024a4        0x0
 .vfp11_veneer  0x080024a4        0x0 linker stubs

.v4_bx          0x080024a4        0x0
 .v4_bx         0x080024a4        0x0 linker stubs

.iplt           0x080024a4        0x0
 .iplt          0x080024a4        0x0 c:/program files (x86)/atollic/truestudio for stm32 9.3.0/armtools/bin/../lib/gcc/arm-atollic-eabi/6.3.1/armv7-m/crtbegin.o

.rodata         0x080024a4      0x7b4
                0x080024a4                . = ALIGN (0x4)
 *(.rodata)
 .rodata        0x080024a4        0x3 Core\Src\sh1106.o
 .rodata        0x080024a7       0x10 Drivers\STM32F1xx_HAL_Driver\Src\stm32f1xx_hal_rcc.o
 *(.rodata*)
 .rodata.Font5x7
                0x080024b7      0x1e2 Core\Src\main.o
 .rodata.Font7x10
                0x08002699      0x3bd Core\Src\main.o
 .rodata.bird_down_14x12
                0x08002a56       0x1c Core\Src\main.o
 .rodata.bird_up_14x12
                0x08002a72       0x1c Core\Src\main.o
 .rodata.cactus
                0x08002a8e        0xc Core\Src\main.o
 .rodata.cactus_dead3x7
                0x08002a9a        0x3 Core\Src\main.o
 .rodata.dino_dead.str1.1
                0x08002a9d        0xa Core\Src\main.o
 .rodata.display.str1.1
                0x08002aa7        0x7 Core\Src\main.o
 .rodata.googledino20x20_dead
                0x08002aae       0x3c Core\Src\main.o
 .rodata.googledino20x20_left
                0x08002aea       0x3c Core\Src\main.o
 .rodata.googledino20x20_right
                0x08002b26       0x3c Core\Src\main.o
 .rodata.ground
                0x08002b62       0xa8 Core\Src\main.o
 .rodata.sword13x13_up
                0x08002c0a       0x1a Core\Src\main.o
 .rodata.sword19x7_down
                0x08002c24       0x13 Core\Src\main.o
 .rodata.LUT_FB
                0x08002c37        0x8 Core\Src\sh1106.o
 .rodata.LUT_LB
                0x08002c3f        0x8 Core\Src\sh1106.o
 .rodata.AHBPrescTable
                0x08002c47       0x10 Core\Src\system_stm32f1xx.o
                0x08002c47                AHBPrescTable
                0x08002c58                . = ALIGN (0x4)
 *fill*         0x08002c57        0x1 

.rel.dyn        0x08002c58        0x0
 .rel.iplt      0x08002c58        0x0 c:/program files (x86)/atollic/truestudio for stm32 9.3.0/armtools/bin/../lib/gcc/arm-atollic-eabi/6.3.1/armv7-m/crtbegin.o

.ARM.extab
 *(.ARM.extab* .gnu.linkonce.armextab.*)

.ARM            0x08002c58        0x0
                0x08002c58                __exidx_start = .
 *(.ARM.exidx*)
                0x08002c58                __exidx_end = .

.preinit_array  0x08002c58        0x0
                0x08002c58                PROVIDE (__preinit_array_start, .)
 *(.preinit_array*)
                0x08002c58                PROVIDE (__preinit_array_end, .)

.init_array     0x08002c58        0x4
                0x08002c58                PROVIDE (__init_array_start, .)
 *(SORT(.init_array.*))
 *(.init_array*)
 .init_array    0x08002c58        0x4 c:/program files (x86)/atollic/truestudio for stm32 9.3.0/armtools/bin/../lib/gcc/arm-atollic-eabi/6.3.1/armv7-m/crtbegin.o
                0x08002c5c                PROVIDE (__init_array_end, .)

.fini_array     0x08002c5c        0x4
                [!provide]                PROVIDE (__fini_array_start, .)
 *(SORT(.fini_array.*))
 *(.fini_array*)
 .fini_array    0x08002c5c        0x4 c:/program files (x86)/atollic/truestudio for stm32 9.3.0/armtools/bin/../lib/gcc/arm-atollic-eabi/6.3.1/armv7-m/crtbegin.o
                [!provide]                PROVIDE (__fini_array_end, .)
                0x08002c60                _sidata = LOADADDR (.data)

.data           0x20000000       0x14 load address 0x08002c60
                0x20000000                . = ALIGN (0x4)
                0x20000000                _sdata = .
 *(.data)
 *(.data*)
 .data.fl_invert
                0x20000000        0x4 Core\Src\main.o
                0x20000000                fl_invert
 .data.scr_height
                0x20000004        0x2 Core\Src\sh1106.o
                0x20000004                scr_height
 .data.scr_width
                0x20000006        0x2 Core\Src\sh1106.o
                0x20000006                scr_width
 .data.SystemCoreClock
                0x20000008        0x4 Core\Src\system_stm32f1xx.o
                0x20000008                SystemCoreClock
 .data.uwTickFreq
                0x2000000c        0x1 Drivers\STM32F1xx_HAL_Driver\Src\stm32f1xx_hal.o
                0x2000000c                uwTickFreq
 *fill*         0x2000000d        0x3 
 .data.uwTickPrio
                0x20000010        0x4 Drivers\STM32F1xx_HAL_Driver\Src\stm32f1xx_hal.o
                0x20000010                uwTickPrio
                0x20000014                . = ALIGN (0x4)
                0x20000014                _edata = .

.igot.plt       0x20000014        0x0 load address 0x08002c74
 .igot.plt      0x20000014        0x0 c:/program files (x86)/atollic/truestudio for stm32 9.3.0/armtools/bin/../lib/gcc/arm-atollic-eabi/6.3.1/armv7-m/crtbegin.o
                0x20000014                . = ALIGN (0x4)

.bss            0x20000014      0x570 load address 0x08002c74
                0x20000014                _sbss = .
                0x20000014                __bss_start__ = _sbss
 *(.bss)
 .bss           0x20000014       0x1c c:/program files (x86)/atollic/truestudio for stm32 9.3.0/armtools/bin/../lib/gcc/arm-atollic-eabi/6.3.1/armv7-m/crtbegin.o
 *(.bss*)
 .bss.hscore    0x20000030        0x4 Core\Src\main.o
                0x20000030                hscore
 .bss.score     0x20000034        0x4 Core\Src\main.o
                0x20000034                score
 .bss.speed_bird
                0x20000038        0x4 Core\Src\main.o
                0x20000038                speed_bird
 .bss.speed_bird_wing
                0x2000003c        0x4 Core\Src\main.o
                0x2000003c                speed_bird_wing
 .bss.speed_cactus
                0x20000040        0x4 Core\Src\main.o
                0x20000040                speed_cactus
 .bss.speed_dino
                0x20000044        0x4 Core\Src\main.o
                0x20000044                speed_dino
 .bss.speed_score_and_display
                0x20000048        0x4 Core\Src\main.o
                0x20000048                speed_score_and_display
 .bss.speed_sword
                0x2000004c        0x4 Core\Src\main.o
                0x2000004c                speed_sword
 .bss.LCD_PixelMode
                0x20000050        0x1 Core\Src\sh1106.o
                0x20000050                LCD_PixelMode
 .bss.scr_orientation
                0x20000051        0x1 Core\Src\sh1106.o
 *fill*         0x20000052        0x2 
 .bss.vRAM      0x20000054      0x400 Core\Src\sh1106.o
 *(COMMON)
 COMMON         0x20000454      0x12c Core\Src\main.o
                0x20000454                hspi2
                0x200004ac                cactus1
                0x200004b8                bird1
                0x200004c4                htim1
                0x2000050c                dino1
                0x20000520                htim2
                0x20000568                sword1
 COMMON         0x20000580        0x4 Drivers\STM32F1xx_HAL_Driver\Src\stm32f1xx_hal.o
                0x20000580                uwTick
                0x20000584                . = ALIGN (0x4)
                0x20000584                _ebss = .
                0x20000584                __bss_end__ = _ebss

._user_heap_stack
                0x20000584      0x600 load address 0x08002c74
                0x20000584                . = ALIGN (0x4)
                0x20000584                PROVIDE (end, .)
                [!provide]                PROVIDE (_end, .)
                0x20000784                . = (. + _Min_Heap_Size)
 *fill*         0x20000584      0x200 
                0x20000b84                . = (. + _Min_Stack_Size)
 *fill*         0x20000784      0x400 
                0x20000b84                . = ALIGN (0x4)

/DISCARD/
 libc.a(*)
 libm.a(*)
 libgcc.a(*)

.ARM.attributes
                0x00000000       0x29
 *(.ARM.attributes)
 .ARM.attributes
                0x00000000       0x1d c:/program files (x86)/atollic/truestudio for stm32 9.3.0/armtools/bin/../lib/gcc/arm-atollic-eabi/6.3.1/armv7-m/crti.o
 .ARM.attributes
                0x0000001d       0x2d c:/program files (x86)/atollic/truestudio for stm32 9.3.0/armtools/bin/../lib/gcc/arm-atollic-eabi/6.3.1/armv7-m/crtbegin.o
 .ARM.attributes
                0x0000004a       0x33 Core\Src\main.o
 .ARM.attributes
                0x0000007d       0x33 Core\Src\sh1106.o
 .ARM.attributes
                0x000000b0       0x33 Core\Src\stm32f1xx_hal_msp.o
 .ARM.attributes
                0x000000e3       0x33 Core\Src\stm32f1xx_it.o
 .ARM.attributes
                0x00000116       0x33 Core\Src\system_stm32f1xx.o
 .ARM.attributes
                0x00000149       0x33 Drivers\STM32F1xx_HAL_Driver\Src\stm32f1xx_hal.o
 .ARM.attributes
                0x0000017c       0x33 Drivers\STM32F1xx_HAL_Driver\Src\stm32f1xx_hal_cortex.o
 .ARM.attributes
                0x000001af       0x33 Drivers\STM32F1xx_HAL_Driver\Src\stm32f1xx_hal_gpio.o
 .ARM.attributes
                0x000001e2       0x33 Drivers\STM32F1xx_HAL_Driver\Src\stm32f1xx_hal_rcc.o
 .ARM.attributes
                0x00000215       0x33 Drivers\STM32F1xx_HAL_Driver\Src\stm32f1xx_hal_spi.o
 .ARM.attributes
                0x00000248       0x33 Drivers\STM32F1xx_HAL_Driver\Src\stm32f1xx_hal_tim.o
 .ARM.attributes
                0x0000027b       0x33 Drivers\STM32F1xx_HAL_Driver\Src\stm32f1xx_hal_tim_ex.o
 .ARM.attributes
                0x000002ae       0x21 startup\startup_stm32f103xe.o
 .ARM.attributes
                0x000002cf       0x2d c:/program files (x86)/atollic/truestudio for stm32 9.3.0/armtools/bin/../lib/gcc/arm-atollic-eabi/6.3.1/../../../../arm-atollic-eabi/lib/armv7-m\libc_nano.a(lib_a-init.o)
 .ARM.attributes
                0x000002fc       0x2d c:/program files (x86)/atollic/truestudio for stm32 9.3.0/armtools/bin/../lib/gcc/arm-atollic-eabi/6.3.1/../../../../arm-atollic-eabi/lib/armv7-m\libc_nano.a(lib_a-memset.o)
 .ARM.attributes
                0x00000329       0x1d c:/program files (x86)/atollic/truestudio for stm32 9.3.0/armtools/bin/../lib/gcc/arm-atollic-eabi/6.3.1/armv7-m/crtn.o
OUTPUT(TESTOLED.elf elf32-littlearm)

.debug_info     0x00000000     0xfcd7
 .debug_info    0x00000000     0x22f9 Core\Src\main.o
 .debug_info    0x000022f9     0x2d94 Core\Src\sh1106.o
 .debug_info    0x0000508d      0xea3 Core\Src\stm32f1xx_hal_msp.o
 .debug_info    0x00005f30      0x75b Core\Src\stm32f1xx_it.o
 .debug_info    0x0000668b      0x29e Core\Src\system_stm32f1xx.o
 .debug_info    0x00006929      0x84a Drivers\STM32F1xx_HAL_Driver\Src\stm32f1xx_hal.o
 .debug_info    0x00007173      0xd18 Drivers\STM32F1xx_HAL_Driver\Src\stm32f1xx_hal_cortex.o
 .debug_info    0x00007e8b      0x6a8 Drivers\STM32F1xx_HAL_Driver\Src\stm32f1xx_hal_gpio.o
 .debug_info    0x00008533      0xa0c Drivers\STM32F1xx_HAL_Driver\Src\stm32f1xx_hal_rcc.o
 .debug_info    0x00008f3f     0x1d35 Drivers\STM32F1xx_HAL_Driver\Src\stm32f1xx_hal_spi.o
 .debug_info    0x0000ac74     0x39a7 Drivers\STM32F1xx_HAL_Driver\Src\stm32f1xx_hal_tim.o
 .debug_info    0x0000e61b     0x163f Drivers\STM32F1xx_HAL_Driver\Src\stm32f1xx_hal_tim_ex.o
 .debug_info    0x0000fc5a       0x7d startup\startup_stm32f103xe.o

.debug_abbrev   0x00000000     0x1fd1
 .debug_abbrev  0x00000000      0x3e8 Core\Src\main.o
 .debug_abbrev  0x000003e8      0x414 Core\Src\sh1106.o
 .debug_abbrev  0x000007fc      0x1ef Core\Src\stm32f1xx_hal_msp.o
 .debug_abbrev  0x000009eb      0x1a4 Core\Src\stm32f1xx_it.o
 .debug_abbrev  0x00000b8f      0x12f Core\Src\system_stm32f1xx.o
 .debug_abbrev  0x00000cbe      0x239 Drivers\STM32F1xx_HAL_Driver\Src\stm32f1xx_hal.o
 .debug_abbrev  0x00000ef7      0x2f8 Drivers\STM32F1xx_HAL_Driver\Src\stm32f1xx_hal_cortex.o
 .debug_abbrev  0x000011ef      0x1f1 Drivers\STM32F1xx_HAL_Driver\Src\stm32f1xx_hal_gpio.o
 .debug_abbrev  0x000013e0      0x2c1 Drivers\STM32F1xx_HAL_Driver\Src\stm32f1xx_hal_rcc.o
 .debug_abbrev  0x000016a1      0x33e Drivers\STM32F1xx_HAL_Driver\Src\stm32f1xx_hal_spi.o
 .debug_abbrev  0x000019df      0x335 Drivers\STM32F1xx_HAL_Driver\Src\stm32f1xx_hal_tim.o
 .debug_abbrev  0x00001d14      0x2ab Drivers\STM32F1xx_HAL_Driver\Src\stm32f1xx_hal_tim_ex.o
 .debug_abbrev  0x00001fbf       0x12 startup\startup_stm32f103xe.o

.debug_loc      0x00000000     0x9d53
 .debug_loc     0x00000000       0x26 Core\Src\main.o
 .debug_loc     0x00000026     0x2df5 Core\Src\sh1106.o
 .debug_loc     0x00002e1b       0xb0 Core\Src\stm32f1xx_hal_msp.o
 .debug_loc     0x00002ecb       0xcd Core\Src\system_stm32f1xx.o
 .debug_loc     0x00002f98      0x12e Drivers\STM32F1xx_HAL_Driver\Src\stm32f1xx_hal.o
 .debug_loc     0x000030c6      0x487 Drivers\STM32F1xx_HAL_Driver\Src\stm32f1xx_hal_cortex.o
 .debug_loc     0x0000354d      0x303 Drivers\STM32F1xx_HAL_Driver\Src\stm32f1xx_hal_gpio.o
 .debug_loc     0x00003850      0x478 Drivers\STM32F1xx_HAL_Driver\Src\stm32f1xx_hal_rcc.o
 .debug_loc     0x00003cc8     0x175b Drivers\STM32F1xx_HAL_Driver\Src\stm32f1xx_hal_spi.o
 .debug_loc     0x00005423     0x39fe Drivers\STM32F1xx_HAL_Driver\Src\stm32f1xx_hal_tim.o
 .debug_loc     0x00008e21      0xf32 Drivers\STM32F1xx_HAL_Driver\Src\stm32f1xx_hal_tim_ex.o

.debug_aranges  0x00000000      0xa08
 .debug_aranges
                0x00000000       0x70 Core\Src\main.o
 .debug_aranges
                0x00000070      0x138 Core\Src\sh1106.o
 .debug_aranges
                0x000001a8       0x40 Core\Src\stm32f1xx_hal_msp.o
 .debug_aranges
                0x000001e8       0x50 Core\Src\stm32f1xx_it.o
 .debug_aranges
                0x00000238       0x28 Core\Src\system_stm32f1xx.o
 .debug_aranges
                0x00000260       0xd8 Drivers\STM32F1xx_HAL_Driver\Src\stm32f1xx_hal.o
 .debug_aranges
                0x00000338       0x90 Drivers\STM32F1xx_HAL_Driver\Src\stm32f1xx_hal_cortex.o
 .debug_aranges
                0x000003c8       0x58 Drivers\STM32F1xx_HAL_Driver\Src\stm32f1xx_hal_gpio.o
 .debug_aranges
                0x00000420       0x88 Drivers\STM32F1xx_HAL_Driver\Src\stm32f1xx_hal_rcc.o
 .debug_aranges
                0x000004a8      0x188 Drivers\STM32F1xx_HAL_Driver\Src\stm32f1xx_hal_spi.o
 .debug_aranges
                0x00000630      0x298 Drivers\STM32F1xx_HAL_Driver\Src\stm32f1xx_hal_tim.o
 .debug_aranges
                0x000008c8      0x118 Drivers\STM32F1xx_HAL_Driver\Src\stm32f1xx_hal_tim_ex.o
 .debug_aranges
                0x000009e0       0x28 startup\startup_stm32f103xe.o

.debug_ranges   0x00000000     0x11a0
 .debug_ranges  0x00000000      0x130 Core\Src\main.o
 .debug_ranges  0x00000130      0x5f8 Core\Src\sh1106.o
 .debug_ranges  0x00000728       0xc0 Core\Src\stm32f1xx_hal_msp.o
 .debug_ranges  0x000007e8       0x40 Core\Src\stm32f1xx_it.o
 .debug_ranges  0x00000828       0x18 Core\Src\system_stm32f1xx.o
 .debug_ranges  0x00000840       0xc8 Drivers\STM32F1xx_HAL_Driver\Src\stm32f1xx_hal.o
 .debug_ranges  0x00000908      0x128 Drivers\STM32F1xx_HAL_Driver\Src\stm32f1xx_hal_cortex.o
 .debug_ranges  0x00000a30       0x68 Drivers\STM32F1xx_HAL_Driver\Src\stm32f1xx_hal_gpio.o
 .debug_ranges  0x00000a98       0xa0 Drivers\STM32F1xx_HAL_Driver\Src\stm32f1xx_hal_rcc.o
 .debug_ranges  0x00000b38      0x1a8 Drivers\STM32F1xx_HAL_Driver\Src\stm32f1xx_hal_spi.o
 .debug_ranges  0x00000ce0      0x398 Drivers\STM32F1xx_HAL_Driver\Src\stm32f1xx_hal_tim.o
 .debug_ranges  0x00001078      0x108 Drivers\STM32F1xx_HAL_Driver\Src\stm32f1xx_hal_tim_ex.o
 .debug_ranges  0x00001180       0x20 startup\startup_stm32f103xe.o

.debug_line     0x00000000     0x5fdf
 .debug_line    0x00000000      0x6c7 Core\Src\main.o
 .debug_line    0x000006c7      0xf94 Core\Src\sh1106.o
 .debug_line    0x0000165b      0x2f8 Core\Src\stm32f1xx_hal_msp.o
 .debug_line    0x00001953      0x289 Core\Src\stm32f1xx_it.o
 .debug_line    0x00001bdc      0x222 Core\Src\system_stm32f1xx.o
 .debug_line    0x00001dfe      0x3ed Drivers\STM32F1xx_HAL_Driver\Src\stm32f1xx_hal.o
 .debug_line    0x000021eb      0x3e6 Drivers\STM32F1xx_HAL_Driver\Src\stm32f1xx_hal_cortex.o
 .debug_line    0x000025d1      0x3c3 Drivers\STM32F1xx_HAL_Driver\Src\stm32f1xx_hal_gpio.o
 .debug_line    0x00002994      0x582 Drivers\STM32F1xx_HAL_Driver\Src\stm32f1xx_hal_rcc.o
 .debug_line    0x00002f16      0xbe8 Drivers\STM32F1xx_HAL_Driver\Src\stm32f1xx_hal_spi.o
 .debug_line    0x00003afe     0x18ff Drivers\STM32F1xx_HAL_Driver\Src\stm32f1xx_hal_tim.o
 .debug_line    0x000053fd      0xb65 Drivers\STM32F1xx_HAL_Driver\Src\stm32f1xx_hal_tim_ex.o
 .debug_line    0x00005f62       0x7d startup\startup_stm32f103xe.o

.debug_str      0x00000000     0x3ee0
 .debug_str     0x00000000     0x13e6 Core\Src\main.o
                               0x154a (size before relaxing)
 .debug_str     0x000013e6      0x359 Core\Src\sh1106.o
                                0xf3e (size before relaxing)
 .debug_str     0x0000173f      0x4bc Core\Src\stm32f1xx_hal_msp.o
                                0xe65 (size before relaxing)
 .debug_str     0x00001bfb       0xdd Core\Src\stm32f1xx_it.o
                                0x7fe (size before relaxing)
 .debug_str     0x00001cd8       0x52 Core\Src\system_stm32f1xx.o
                                0x2fe (size before relaxing)
 .debug_str     0x00001d2a      0x283 Drivers\STM32F1xx_HAL_Driver\Src\stm32f1xx_hal.o
                                0x95f (size before relaxing)
 .debug_str     0x00001fad      0x394 Drivers\STM32F1xx_HAL_Driver\Src\stm32f1xx_hal_cortex.o
                                0xa7b (size before relaxing)
 .debug_str     0x00002341      0x109 Drivers\STM32F1xx_HAL_Driver\Src\stm32f1xx_hal_gpio.o
                                0x4e8 (size before relaxing)
 .debug_str     0x0000244a      0x1f4 Drivers\STM32F1xx_HAL_Driver\Src\stm32f1xx_hal_rcc.o
                                0x6d1 (size before relaxing)
 .debug_str     0x0000263e      0x542 Drivers\STM32F1xx_HAL_Driver\Src\stm32f1xx_hal_spi.o
                                0xc2c (size before relaxing)
 .debug_str     0x00002b80      0xe13 Drivers\STM32F1xx_HAL_Driver\Src\stm32f1xx_hal_tim.o
                               0x1720 (size before relaxing)
 .debug_str     0x00003993      0x54d Drivers\STM32F1xx_HAL_Driver\Src\stm32f1xx_hal_tim_ex.o
                                0xf4a (size before relaxing)

.comment        0x00000000       0x7c
 .comment       0x00000000       0x7c Core\Src\main.o
                                 0x7d (size before relaxing)
 .comment       0x0000007c       0x7d Core\Src\sh1106.o
 .comment       0x0000007c       0x7d Core\Src\stm32f1xx_hal_msp.o
 .comment       0x0000007c       0x7d Core\Src\stm32f1xx_it.o
 .comment       0x0000007c       0x7d Core\Src\system_stm32f1xx.o
 .comment       0x0000007c       0x7d Drivers\STM32F1xx_HAL_Driver\Src\stm32f1xx_hal.o
 .comment       0x0000007c       0x7d Drivers\STM32F1xx_HAL_Driver\Src\stm32f1xx_hal_cortex.o
 .comment       0x0000007c       0x7d Drivers\STM32F1xx_HAL_Driver\Src\stm32f1xx_hal_gpio.o
 .comment       0x0000007c       0x7d Drivers\STM32F1xx_HAL_Driver\Src\stm32f1xx_hal_rcc.o
 .comment       0x0000007c       0x7d Drivers\STM32F1xx_HAL_Driver\Src\stm32f1xx_hal_spi.o
 .comment       0x0000007c       0x7d Drivers\STM32F1xx_HAL_Driver\Src\stm32f1xx_hal_tim.o
 .comment       0x0000007c       0x7d Drivers\STM32F1xx_HAL_Driver\Src\stm32f1xx_hal_tim_ex.o

.debug_frame    0x00000000     0x1fc8
 .debug_frame   0x00000000      0x110 Core\Src\main.o
 .debug_frame   0x00000110      0x4e8 Core\Src\sh1106.o
 .debug_frame   0x000005f8       0x84 Core\Src\stm32f1xx_hal_msp.o
 .debug_frame   0x0000067c       0xb0 Core\Src\stm32f1xx_it.o
 .debug_frame   0x0000072c       0x30 Core\Src\system_stm32f1xx.o
 .debug_frame   0x0000075c      0x1d4 Drivers\STM32F1xx_HAL_Driver\Src\stm32f1xx_hal.o
 .debug_frame   0x00000930      0x120 Drivers\STM32F1xx_HAL_Driver\Src\stm32f1xx_hal_cortex.o
 .debug_frame   0x00000a50       0xd4 Drivers\STM32F1xx_HAL_Driver\Src\stm32f1xx_hal_gpio.o
 .debug_frame   0x00000b24      0x150 Drivers\STM32F1xx_HAL_Driver\Src\stm32f1xx_hal_rcc.o
 .debug_frame   0x00000c74      0x570 Drivers\STM32F1xx_HAL_Driver\Src\stm32f1xx_hal_spi.o
 .debug_frame   0x000011e4      0x9d0 Drivers\STM32F1xx_HAL_Driver\Src\stm32f1xx_hal_tim.o
 .debug_frame   0x00001bb4      0x3c8 Drivers\STM32F1xx_HAL_Driver\Src\stm32f1xx_hal_tim_ex.o
 .debug_frame   0x00001f7c       0x2c c:/program files (x86)/atollic/truestudio for stm32 9.3.0/armtools/bin/../lib/gcc/arm-atollic-eabi/6.3.1/../../../../arm-atollic-eabi/lib/armv7-m\libc_nano.a(lib_a-init.o)
 .debug_frame   0x00001fa8       0x20 c:/program files (x86)/atollic/truestudio for stm32 9.3.0/armtools/bin/../lib/gcc/arm-atollic-eabi/6.3.1/../../../../arm-atollic-eabi/lib/armv7-m\libc_nano.a(lib_a-memset.o)
