sh1106.c:419:13:LCD_HLineInt	0	static
sh1106.c:450:13:LCD_VLineInt	20	static
sh1106.c:42:13:SH1106_cmd_double	24	static
sh1106.c:29:13:SH1106_cmd	16	static
sh1106.c:92:6:SH1106_Init	8	static
sh1106.c:157:6:SH1106_Contrast	16	static
sh1106.c:168:6:SH1106_SetAllPixelsOn	8	static
sh1106.c:178:6:SH1106_SetInvert	8	static
sh1106.c:188:6:SH1106_SetDisplayState	8	static
sh1106.c:199:6:SH1106_SetXDir	8	static
sh1106.c:210:6:SH1106_SetYDir	8	static
sh1106.c:221:6:SH1106_Orientation	16	static
sh1106.c:261:6:SH1106_Flush	24	static
sh1106.c:296:6:SH1106_Fill	0	static
sh1106.c:310:6:SH1106_ScrollHSetup	24	static
sh1106.c:330:6:SH1106_ScrollDSetup	24	static
sh1106.c:345:6:SH1106_ScrollStart	8	static
sh1106.c:353:6:SH1106_ScrollStop	8	static
sh1106.c:364:37:LCD_Pixel	8	static
sh1106.c:543:6:LCD_HLine	4	static
sh1106.c:564:6:LCD_VLine	0	static
sh1106.c:585:6:LCD_Rect	24	static
sh1106.c:596:6:LCD_FillRect	24	static
sh1106.c:638:6:LCD_Line	56	static
sh1106.c:693:6:LCD_Circle	56	static
sh1106.c:743:6:LCD_Ellipse	88	static
sh1106.c:803:9:LCD_PutChar	56	static
sh1106.c:912:10:LCD_PutStr	32	static
sh1106.c:930:10:LCD_PutStrLF	32	static
sh1106.c:954:9:LCD_PutInt	40	static
sh1106.c:983:9:LCD_PutIntU	40	static
sh1106.c:1007:9:LCD_PutIntF	48	static
sh1106.c:1061:9:LCD_PutIntLZ	40	static
sh1106.c:1099:9:LCD_PutHex	40	static
sh1106.c:1128:6:LCD_DrawBitmap	48	static
sh1106.c:1159:6:LCD_DrawBitmapFullscreen	8	static
